2026-08-06T22:24:59.6661141Z Current runner version: '2.336.0'
2026-08-06T22:24:59.6687816Z ##[group]Runner Image Provisioner
2026-08-06T22:24:59.6688870Z Hosted Compute Agent
2026-08-06T22:24:59.6689890Z Version: 20260729.566
2026-08-06T22:24:59.6690834Z Commit: cf7153fe6e25b664e8693c24944bf2b00355d109
2026-08-06T22:24:59.6691888Z Build Date: 2026-07-29T19:17:02Z
2026-08-06T22:24:59.6692960Z Worker ID: {f31b1303-c6eb-4c6c-bf14-742466677628}
2026-08-06T22:24:59.6693810Z Azure Region: eastus2
2026-08-06T22:24:59.6694435Z ##[endgroup]
2026-08-06T22:24:59.6695934Z ##[group]Operating System
2026-08-06T22:24:59.6696575Z Ubuntu
2026-08-06T22:24:59.6697346Z 24.04.4
2026-08-06T22:24:59.6697871Z LTS
2026-08-06T22:24:59.6698381Z ##[endgroup]
2026-08-06T22:24:59.6699051Z ##[group]Runner Image
2026-08-06T22:24:59.6699711Z Image: ubuntu-24.04
2026-08-06T22:24:59.6700328Z Version: 20260804.265.1
2026-08-06T22:24:59.6701624Z Included Software: https://github.com/actions/runner-images/blob/ubuntu24/20260804.265/images/ubuntu/Ubuntu2404-Readme.md
2026-08-06T22:24:59.6703256Z Image Release: https://github.com/actions/runner-images/releases/tag/ubuntu24%2F20260804.265
2026-08-06T22:24:59.6704229Z ##[endgroup]
2026-08-06T22:24:59.6705854Z ##[group]GITHUB_TOKEN Permissions
2026-08-06T22:24:59.6708225Z Contents: read
2026-08-06T22:24:59.6708939Z Metadata: read
2026-08-06T22:24:59.6709541Z Packages: read
2026-08-06T22:24:59.6710161Z ##[endgroup]
2026-08-06T22:24:59.6712315Z Secret source: Actions
2026-08-06T22:24:59.6713704Z Prepare workflow directory
2026-08-06T22:24:59.7165078Z Prepare all required actions
2026-08-06T22:24:59.7214018Z Getting action download info
2026-08-06T22:24:59.9362878Z Download action repository 'actions/checkout@v4' (SHA:11d5960a326750d5838078e36cf38b85af677262)
2026-08-06T22:25:00.4520797Z Download action repository 'ruby/setup-ruby@v1' (SHA:95ef2b042f9d7a56d8268cba8559e2842e2ad01b)
2026-08-06T22:25:00.6208640Z Download action repository 'actions/upload-artifact@v4' (SHA:ea165f8d65b6e75b540449e92b4886f43607fa02)
2026-08-06T22:25:01.0915497Z Complete job name: test
2026-08-06T22:25:01.1585386Z ##[group]Checking docker version
2026-08-06T22:25:01.1600482Z ##[command]/usr/bin/docker version --format '{{.Server.APIVersion}}'
2026-08-06T22:25:07.4127400Z '1.48'
2026-08-06T22:25:07.4146913Z Docker daemon API version: '1.48'
2026-08-06T22:25:07.4147436Z ##[command]/usr/bin/docker version --format '{{.Client.APIVersion}}'
2026-08-06T22:25:07.4342969Z '1.48'
2026-08-06T22:25:07.4355924Z Docker client API version: '1.48'
2026-08-06T22:25:07.4361897Z ##[endgroup]
2026-08-06T22:25:07.4364132Z ##[group]Clean up resources from previous jobs
2026-08-06T22:25:07.4369697Z ##[command]/usr/bin/docker ps --all --quiet --no-trunc --filter "label=31600f"
2026-08-06T22:25:07.4968084Z ##[command]/usr/bin/docker network prune --force --filter "label=31600f"
2026-08-06T22:25:07.5103722Z ##[endgroup]
2026-08-06T22:25:07.5104123Z ##[group]Create local container network
2026-08-06T22:25:07.5113633Z ##[command]/usr/bin/docker network create --label 31600f github_network_b490b3623d96463f82167c42d6097e31
2026-08-06T22:25:07.5624067Z b14ef123cf97c5167644c31252c2f8245e0c264b6df7178980b7a94558df5b64
2026-08-06T22:25:07.5642013Z ##[endgroup]
2026-08-06T22:25:07.5665825Z ##[group]Starting postgres service container
2026-08-06T22:25:07.5687234Z ##[command]/usr/bin/docker pull postgres:16.4
2026-08-06T22:25:08.2253035Z 16.4: Pulling from library/postgres
2026-08-06T22:25:08.3527443Z 2d429b9e73a6: Pulling fs layer
2026-08-06T22:25:08.3528152Z 46eab5b44a35: Pulling fs layer
2026-08-06T22:25:08.3528686Z c4d302cc468d: Pulling fs layer
2026-08-06T22:25:08.3529154Z 01e0882c90d9: Pulling fs layer
2026-08-06T22:25:08.3529594Z 531ee2cf3c0c: Pulling fs layer
2026-08-06T22:25:08.3529969Z ed54a7dee1d8: Pulling fs layer
2026-08-06T22:25:08.3530325Z 12c5c803443f: Pulling fs layer
2026-08-06T22:25:08.3530689Z e27c75a98748: Pulling fs layer
2026-08-06T22:25:08.3531065Z e73cb4a42719: Pulling fs layer
2026-08-06T22:25:08.3531420Z a83b68436f09: Pulling fs layer
2026-08-06T22:25:08.3531797Z 787d6bee9571: Pulling fs layer
2026-08-06T22:25:08.3532698Z 13ff0988aaea: Pulling fs layer
2026-08-06T22:25:08.3533118Z 4b82842ab819: Pulling fs layer
2026-08-06T22:25:08.3533398Z 7e568a0dc8fb: Pulling fs layer
2026-08-06T22:25:08.3533665Z 01e0882c90d9: Waiting
2026-08-06T22:25:08.3533998Z 531ee2cf3c0c: Waiting
2026-08-06T22:25:08.3534251Z ed54a7dee1d8: Waiting
2026-08-06T22:25:08.3534449Z e73cb4a42719: Waiting
2026-08-06T22:25:08.3534642Z a83b68436f09: Waiting
2026-08-06T22:25:08.3534836Z 12c5c803443f: Waiting
2026-08-06T22:25:08.3535044Z e27c75a98748: Waiting
2026-08-06T22:25:08.3535253Z 787d6bee9571: Waiting
2026-08-06T22:25:08.3535453Z 4b82842ab819: Waiting
2026-08-06T22:25:08.4106539Z 46eab5b44a35: Verifying Checksum
2026-08-06T22:25:08.4107224Z 46eab5b44a35: Download complete
2026-08-06T22:25:08.4709202Z c4d302cc468d: Verifying Checksum
2026-08-06T22:25:08.4715046Z c4d302cc468d: Download complete
2026-08-06T22:25:08.5071195Z 01e0882c90d9: Download complete
2026-08-06T22:25:08.5479665Z 2d429b9e73a6: Verifying Checksum
2026-08-06T22:25:08.5480934Z 2d429b9e73a6: Download complete
2026-08-06T22:25:08.5920577Z 531ee2cf3c0c: Verifying Checksum
2026-08-06T22:25:08.5931614Z 531ee2cf3c0c: Download complete
2026-08-06T22:25:08.5949364Z ed54a7dee1d8: Verifying Checksum
2026-08-06T22:25:08.5950289Z ed54a7dee1d8: Download complete
2026-08-06T22:25:08.5960216Z 12c5c803443f: Verifying Checksum
2026-08-06T22:25:08.5961544Z 12c5c803443f: Download complete
2026-08-06T22:25:08.6449919Z e27c75a98748: Verifying Checksum
2026-08-06T22:25:08.6451651Z e27c75a98748: Download complete
2026-08-06T22:25:08.6495955Z a83b68436f09: Verifying Checksum
2026-08-06T22:25:08.6496407Z a83b68436f09: Download complete
2026-08-06T22:25:08.7008565Z 787d6bee9571: Verifying Checksum
2026-08-06T22:25:08.7009747Z 787d6bee9571: Download complete
2026-08-06T22:25:08.7034156Z 13ff0988aaea: Verifying Checksum
2026-08-06T22:25:08.7034721Z 13ff0988aaea: Download complete
2026-08-06T22:25:08.7520262Z 4b82842ab819: Verifying Checksum
2026-08-06T22:25:08.7520805Z 4b82842ab819: Download complete
2026-08-06T22:25:08.7569863Z 7e568a0dc8fb: Verifying Checksum
2026-08-06T22:25:08.7570517Z 7e568a0dc8fb: Download complete
2026-08-06T22:25:09.0256560Z e73cb4a42719: Verifying Checksum
2026-08-06T22:25:09.0257437Z e73cb4a42719: Download complete
2026-08-06T22:25:09.7643572Z 2d429b9e73a6: Pull complete
2026-08-06T22:25:12.1571276Z 46eab5b44a35: Pull complete
2026-08-06T22:25:12.2895038Z c4d302cc468d: Pull complete
2026-08-06T22:25:12.3339974Z 01e0882c90d9: Pull complete
2026-08-06T22:25:12.6227223Z 531ee2cf3c0c: Pull complete
2026-08-06T22:25:12.7003257Z ed54a7dee1d8: Pull complete
2026-08-06T22:25:12.7080137Z 12c5c803443f: Pull complete
2026-08-06T22:25:12.7183005Z e27c75a98748: Pull complete
2026-08-06T22:25:15.6450626Z e73cb4a42719: Pull complete
2026-08-06T22:25:15.6581391Z a83b68436f09: Pull complete
2026-08-06T22:25:15.6662664Z 787d6bee9571: Pull complete
2026-08-06T22:25:15.6745926Z 13ff0988aaea: Pull complete
2026-08-06T22:25:15.6840478Z 4b82842ab819: Pull complete
2026-08-06T22:25:15.6921241Z 7e568a0dc8fb: Pull complete
2026-08-06T22:25:15.6959724Z Digest: sha256:e62fbf9d3e2b49816a32c400ed2dba83e3b361e6833e624024309c35d334b412
2026-08-06T22:25:15.6971977Z Status: Downloaded newer image for postgres:16.4
2026-08-06T22:25:15.6995430Z docker.io/library/postgres:16.4
2026-08-06T22:25:15.7047160Z ##[command]/usr/bin/docker create --name f6944473e2b740ae8bb48a7c14abe632_postgres164_a560de --label 31600f --network github_network_b490b3623d96463f82167c42d6097e31 --network-alias postgres -p 5432:5432 --health-cmd pg_isready --health-interval 10s --health-timeout 5s --health-retries 5 -e "POSTGRES_USER=unifed" -e "POSTGRES_PASSWORD=unifed" -e "POSTGRES_DB=unifed_test" -e GITHUB_ACTIONS=true -e CI=true postgres:16.4
2026-08-06T22:25:15.7511970Z 21bf623e70bea3a699ca8ae01ae6956173093e64ea5d34b7dc76959a282e9365
2026-08-06T22:25:15.7538442Z ##[command]/usr/bin/docker start 21bf623e70bea3a699ca8ae01ae6956173093e64ea5d34b7dc76959a282e9365
2026-08-06T22:25:18.7462551Z 21bf623e70bea3a699ca8ae01ae6956173093e64ea5d34b7dc76959a282e9365
2026-08-06T22:25:18.7486457Z ##[command]/usr/bin/docker ps --all --filter id=21bf623e70bea3a699ca8ae01ae6956173093e64ea5d34b7dc76959a282e9365 --filter status=running --no-trunc --format "{{.ID}} {{.Status}}"
2026-08-06T22:25:18.7627759Z 21bf623e70bea3a699ca8ae01ae6956173093e64ea5d34b7dc76959a282e9365 Up 2 seconds (health: starting)
2026-08-06T22:25:18.7654431Z ##[command]/usr/bin/docker port 21bf623e70bea3a699ca8ae01ae6956173093e64ea5d34b7dc76959a282e9365
2026-08-06T22:25:18.7795688Z 5432/tcp -> 0.0.0.0:5432
2026-08-06T22:25:18.7796385Z 5432/tcp -> [::]:5432
2026-08-06T22:25:18.7850345Z ##[endgroup]
2026-08-06T22:25:18.7851654Z ##[group]Starting redis service container
2026-08-06T22:25:18.7852888Z ##[command]/usr/bin/docker pull redis:7.1-alpine
2026-08-06T22:25:18.9295267Z Error response from daemon: manifest for redis:7.1-alpine not found: manifest unknown: manifest unknown
2026-08-06T22:25:18.9324355Z ##[warning]Docker pull failed with exit code 1, back off 8.953 seconds before retry.
2026-08-06T22:25:27.8861624Z ##[command]/usr/bin/docker pull redis:7.1-alpine
2026-08-06T22:25:28.0221810Z Error response from daemon: manifest for redis:7.1-alpine not found: manifest unknown: manifest unknown
2026-08-06T22:25:28.0240420Z ##[warning]Docker pull failed with exit code 1, back off 3.511 seconds before retry.
2026-08-06T22:25:31.5350917Z ##[command]/usr/bin/docker pull redis:7.1-alpine
2026-08-06T22:25:31.6690918Z Error response from daemon: manifest for redis:7.1-alpine not found: manifest unknown: manifest unknown
2026-08-06T22:25:31.6795079Z ##[error]Docker pull failed with exit code 1
2026-08-06T22:25:31.7118594Z Node 20 is being deprecated. This workflow is running with Node 24 by default. If you need to temporarily use Node 20, you can set the ACTIONS_ALLOW_USE_UNSECURE_NODE_VERSION=true environment variable. For more information see: https://github.blog/changelog/2025-09-19-deprecation-of-node-20-on-github-actions-runners/
2026-08-06T22:25:31.7126433Z ##[group]Run actions/upload-artifact@v4
2026-08-06T22:25:31.7127215Z with:
2026-08-06T22:25:31.7127423Z   name: coverage
2026-08-06T22:25:31.7127648Z   path: backend/coverage
2026-08-06T22:25:31.7127888Z   if-no-files-found: warn
2026-08-06T22:25:31.7128128Z   compression-level: 6
2026-08-06T22:25:31.7128352Z   overwrite: false
2026-08-06T22:25:31.7128574Z   include-hidden-files: false
2026-08-06T22:25:31.7128943Z env:
2026-08-06T22:25:31.7129129Z   RAILS_ENV: test
2026-08-06T22:25:31.7129333Z   PGUSER: unifed
2026-08-06T22:25:31.7129535Z   PGPASSWORD: unifed
2026-08-06T22:25:31.7129861Z   DATABASE_URL: postgres://localhost:5432/unifed_test
2026-08-06T22:25:31.7130203Z   REDIS_URL: redis://localhost:6379/0
2026-08-06T22:25:31.7130502Z   OIDC_JWKS_PRIVATE: ci-insecure-not-for-prod
2026-08-06T22:25:31.7130792Z ##[endgroup]
2026-08-06T22:25:31.8865675Z (node:2485) [DEP0040] DeprecationWarning: The `punycode` module is deprecated. Please use a userland alternative instead.
2026-08-06T22:25:31.8866565Z (Use `node --trace-deprecation ...` to show where the warning was created)
2026-08-06T22:25:31.8887641Z ##[warning]No files were found with the provided path: backend/coverage. No artifacts will be uploaded.
2026-08-06T22:25:31.9134824Z Print service container logs: f6944473e2b740ae8bb48a7c14abe632_postgres164_a560de
2026-08-06T22:25:31.9140292Z ##[command]/usr/bin/docker logs --details 21bf623e70bea3a699ca8ae01ae6956173093e64ea5d34b7dc76959a282e9365
2026-08-06T22:25:31.9306310Z  initdb: warning: enabling "trust" authentication for local connections
2026-08-06T22:25:31.9307701Z  The files belonging to this database system will be owned by user "postgres".
2026-08-06T22:25:31.9312531Z  initdb: hint: You can change this by editing pg_hba.conf or using the option -A, or --auth-local and --auth-host, the next time you run initdb.
2026-08-06T22:25:31.9313924Z  This user must also own the server process.
2026-08-06T22:25:31.9327870Z  2026-08-06 22:25:19.713 UTC [1] LOG:  starting PostgreSQL 16.4 (Debian 16.4-1.pgdg120+2) on x86_64-pc-linux-gnu, compiled by gcc (Debian 12.2.0-14) 12.2.0, 64-bit
2026-08-06T22:25:31.9329476Z  2026-08-06 22:25:19.713 UTC [1] LOG:  listening on IPv4 address "0.0.0.0", port 5432
2026-08-06T22:25:31.9330277Z  2026-08-06 22:25:19.713 UTC [1] LOG:  listening on IPv6 address "::", port 5432
2026-08-06T22:25:31.9331129Z  2026-08-06 22:25:19.714 UTC [1] LOG:  listening on Unix socket "/var/run/postgresql/.s.PGSQL.5432"
2026-08-06T22:25:31.9331964Z  2026-08-06 22:25:19.716 UTC [65] LOG:  database system was shut down at 2026-08-06 22:25:19 UTC
2026-08-06T22:25:31.9332908Z  2026-08-06 22:25:19.720 UTC [1] LOG:  database system is ready to accept connections
2026-08-06T22:25:31.9333545Z  2026-08-06 22:25:28.813 UTC [76] FATAL:  role "root" does not exist
2026-08-06T22:25:31.9333905Z  
2026-08-06T22:25:31.9334184Z  The database cluster will be initialized with locale "en_US.utf8".
2026-08-06T22:25:31.9334616Z  The default database encoding has accordingly been set to "UTF8".
2026-08-06T22:25:31.9335030Z  The default text search configuration will be set to "english".
2026-08-06T22:25:31.9335386Z  
2026-08-06T22:25:31.9335584Z  Data page checksums are disabled.
2026-08-06T22:25:31.9335831Z  
2026-08-06T22:25:31.9336137Z  fixing permissions on existing directory /var/lib/postgresql/data ... ok
2026-08-06T22:25:31.9336528Z  creating subdirectories ... ok
2026-08-06T22:25:31.9337107Z  selecting dynamic shared memory implementation ... posix
2026-08-06T22:25:31.9337650Z  selecting default max_connections ... 100
2026-08-06T22:25:31.9338104Z  selecting default shared_buffers ... 128MB
2026-08-06T22:25:31.9338518Z  selecting default time zone ... Etc/UTC
2026-08-06T22:25:31.9338873Z  creating configuration files ... ok
2026-08-06T22:25:31.9339142Z  running bootstrap script ... ok
2026-08-06T22:25:31.9339433Z  performing post-bootstrap initialization ... ok
2026-08-06T22:25:31.9339738Z  syncing data to disk ... ok
2026-08-06T22:25:31.9339964Z  
2026-08-06T22:25:31.9340129Z  
2026-08-06T22:25:31.9340420Z  Success. You can now start the database server using:
2026-08-06T22:25:31.9340897Z  
2026-08-06T22:25:31.9341253Z      pg_ctl -D /var/lib/postgresql/data -l logfile start
2026-08-06T22:25:31.9341825Z  
2026-08-06T22:25:31.9342867Z  waiting for server to start....2026-08-06 22:25:19.403 UTC [49] LOG:  starting PostgreSQL 16.4 (Debian 16.4-1.pgdg120+2) on x86_64-pc-linux-gnu, compiled by gcc (Debian 12.2.0-14) 12.2.0, 64-bit
2026-08-06T22:25:31.9344243Z  2026-08-06 22:25:19.403 UTC [49] LOG:  listening on Unix socket "/var/run/postgresql/.s.PGSQL.5432"
2026-08-06T22:25:31.9345127Z  2026-08-06 22:25:19.406 UTC [52] LOG:  database system was shut down at 2026-08-06 22:25:19 UTC
2026-08-06T22:25:31.9345940Z  2026-08-06 22:25:19.410 UTC [49] LOG:  database system is ready to accept connections
2026-08-06T22:25:31.9346549Z   done
2026-08-06T22:25:31.9347064Z  server started
2026-08-06T22:25:31.9347394Z  CREATE DATABASE
2026-08-06T22:25:31.9347706Z  
2026-08-06T22:25:31.9347898Z  
2026-08-06T22:25:31.9348294Z  /usr/local/bin/docker-entrypoint.sh: ignoring /docker-entrypoint-initdb.d/*
2026-08-06T22:25:31.9348735Z  
2026-08-06T22:25:31.9349132Z  2026-08-06 22:25:19.589 UTC [49] LOG:  received fast shutdown request
2026-08-06T22:25:31.9350369Z  waiting for server to shut down....2026-08-06 22:25:19.589 UTC [49] LOG:  aborting any active transactions
2026-08-06T22:25:31.9351208Z  2026-08-06 22:25:19.591 UTC [49] LOG:  background worker "logical replication launcher" (PID 55) exited with exit code 1
2026-08-06T22:25:31.9351828Z  2026-08-06 22:25:19.592 UTC [50] LOG:  shutting down
2026-08-06T22:25:31.9352223Z  2026-08-06 22:25:19.593 UTC [50] LOG:  checkpoint starting: shutdown immediate
2026-08-06T22:25:31.9353261Z  2026-08-06 22:25:19.608 UTC [50] LOG:  checkpoint complete: wrote 922 buffers (5.6%); 0 WAL file(s) added, 0 removed, 0 recycled; write=0.013 s, sync=0.002 s, total=0.016 s; sync files=301, longest=0.001 s, average=0.001 s; distance=4255 kB, estimate=4255 kB; lsn=0/1912100, redo lsn=0/1912100
2026-08-06T22:25:31.9354249Z  2026-08-06 22:25:19.614 UTC [49] LOG:  database system is shut down
2026-08-06T22:25:31.9354728Z   done
2026-08-06T22:25:31.9354963Z  server stopped
2026-08-06T22:25:31.9355380Z  
2026-08-06T22:25:31.9355999Z  PostgreSQL init process complete; ready for start up.
2026-08-06T22:25:31.9356922Z  
2026-08-06T22:25:31.9365168Z Stop and remove container: f6944473e2b740ae8bb48a7c14abe632_postgres164_a560de
2026-08-06T22:25:31.9372365Z ##[command]/usr/bin/docker rm --force 21bf623e70bea3a699ca8ae01ae6956173093e64ea5d34b7dc76959a282e9365
2026-08-06T22:25:32.0505149Z 21bf623e70bea3a699ca8ae01ae6956173093e64ea5d34b7dc76959a282e9365
2026-08-06T22:25:32.0537888Z Remove container network: github_network_b490b3623d96463f82167c42d6097e31
2026-08-06T22:25:32.0542607Z ##[command]/usr/bin/docker network rm github_network_b490b3623d96463f82167c42d6097e31
2026-08-06T22:25:32.1733438Z github_network_b490b3623d96463f82167c42d6097e31
2026-08-06T22:25:32.1818671Z Cleaning up orphan processes
2026-08-06T22:25:32.2106131Z ##[warning]Node.js 20 is deprecated. The following actions target Node.js 20 but are being forced to run on Node.js 24: actions/upload-artifact@v4. For more information see: https://github.blog/changelog/2025-09-19-deprecation-of-node-20-on-github-actions-runners/
