2026-08-06T22:28:28.6362915Z Current runner version: '2.336.0'
2026-08-06T22:28:28.6389339Z ##[group]Runner Image Provisioner
2026-08-06T22:28:28.6390195Z Hosted Compute Agent
2026-08-06T22:28:28.6390772Z Version: 20260729.566
2026-08-06T22:28:28.6391540Z Commit: cf7153fe6e25b664e8693c24944bf2b00355d109
2026-08-06T22:28:28.6392289Z Build Date: 2026-07-29T19:17:02Z
2026-08-06T22:28:28.6393008Z Worker ID: {d3166ea5-1e2e-4303-a274-7b46d73e6540}
2026-08-06T22:28:28.6393745Z Azure Region: eastus2
2026-08-06T22:28:28.6394327Z ##[endgroup]
2026-08-06T22:28:28.6395626Z ##[group]Operating System
2026-08-06T22:28:28.6396292Z Ubuntu
2026-08-06T22:28:28.6396881Z 24.04.4
2026-08-06T22:28:28.6397638Z LTS
2026-08-06T22:28:28.6398162Z ##[endgroup]
2026-08-06T22:28:28.6398780Z ##[group]Runner Image
2026-08-06T22:28:28.6399427Z Image: ubuntu-24.04
2026-08-06T22:28:28.6399984Z Version: 20260804.265.1
2026-08-06T22:28:28.6401336Z Included Software: https://github.com/actions/runner-images/blob/ubuntu24/20260804.265/images/ubuntu/Ubuntu2404-Readme.md
2026-08-06T22:28:28.6402965Z Image Release: https://github.com/actions/runner-images/releases/tag/ubuntu24%2F20260804.265
2026-08-06T22:28:28.6403929Z ##[endgroup]
2026-08-06T22:28:28.6405162Z ##[group]GITHUB_TOKEN Permissions
2026-08-06T22:28:28.6407066Z Contents: read
2026-08-06T22:28:28.6408004Z Metadata: read
2026-08-06T22:28:28.6408578Z Packages: read
2026-08-06T22:28:28.6409146Z ##[endgroup]
2026-08-06T22:28:28.6411693Z Secret source: Actions
2026-08-06T22:28:28.6412923Z Prepare workflow directory
2026-08-06T22:28:28.7240833Z Prepare all required actions
2026-08-06T22:28:28.7288652Z Getting action download info
2026-08-06T22:28:28.8726374Z Download action repository 'actions/checkout@v4' (SHA:11d5960a326750d5838078e36cf38b85af677262)
2026-08-06T22:28:29.1834733Z Download action repository 'ruby/setup-ruby@v1' (SHA:95ef2b042f9d7a56d8268cba8559e2842e2ad01b)
2026-08-06T22:28:29.4838781Z Complete job name: security
2026-08-06T22:28:29.5575186Z Node 20 is being deprecated. This workflow is running with Node 24 by default. If you need to temporarily use Node 20, you can set the ACTIONS_ALLOW_USE_UNSECURE_NODE_VERSION=true environment variable. For more information see: https://github.blog/changelog/2025-09-19-deprecation-of-node-20-on-github-actions-runners/
2026-08-06T22:28:29.5584229Z ##[group]Run actions/checkout@v4
2026-08-06T22:28:29.5584931Z with:
2026-08-06T22:28:29.5585415Z   repository: christopherchidera200-lab/UniFed
2026-08-06T22:28:29.5589422Z   token: ***
2026-08-06T22:28:29.5589856Z   ssh-strict: true
2026-08-06T22:28:29.5590282Z   ssh-user: git
2026-08-06T22:28:29.5590723Z   persist-credentials: true
2026-08-06T22:28:29.5591196Z   clean: true
2026-08-06T22:28:29.5591635Z   sparse-checkout-cone-mode: true
2026-08-06T22:28:29.5592148Z   fetch-depth: 1
2026-08-06T22:28:29.5592587Z   fetch-tags: false
2026-08-06T22:28:29.5593023Z   show-progress: true
2026-08-06T22:28:29.5593467Z   lfs: false
2026-08-06T22:28:29.5593916Z   submodules: false
2026-08-06T22:28:29.5594362Z   set-safe-directory: true
2026-08-06T22:28:29.5594876Z   allow-unsafe-pr-checkout: false
2026-08-06T22:28:29.5595582Z ##[endgroup]
2026-08-06T22:28:29.6685567Z Syncing repository: christopherchidera200-lab/UniFed
2026-08-06T22:28:29.6689032Z ##[group]Getting Git version info
2026-08-06T22:28:29.6690179Z Working directory is '/home/runner/work/UniFed/UniFed'
2026-08-06T22:28:29.6694035Z [command]/usr/bin/git version
2026-08-06T22:28:29.6794482Z git version 2.54.0
2026-08-06T22:28:29.6842971Z ##[endgroup]
2026-08-06T22:28:29.6849971Z Temporarily overriding HOME='/home/runner/work/_temp/18e972bf-82d5-4186-94c8-d3a521341a1c' before making global git config changes
2026-08-06T22:28:29.6852240Z Adding repository directory to the temporary git global config as a safe directory
2026-08-06T22:28:29.6854174Z [command]/usr/bin/git config --global --add safe.directory /home/runner/work/UniFed/UniFed
2026-08-06T22:28:29.6908485Z Deleting the contents of '/home/runner/work/UniFed/UniFed'
2026-08-06T22:28:29.6913312Z ##[group]Initializing the repository
2026-08-06T22:28:29.6918853Z [command]/usr/bin/git init /home/runner/work/UniFed/UniFed
2026-08-06T22:28:29.7038261Z hint: Using 'master' as the name for the initial branch. This default branch name
2026-08-06T22:28:29.7039426Z hint: will change to "main" in Git 3.0. To configure the initial branch name
2026-08-06T22:28:29.7040621Z hint: to use in all of your new repositories, which will suppress this warning,
2026-08-06T22:28:29.7041387Z hint: call:
2026-08-06T22:28:29.7041829Z hint:
2026-08-06T22:28:29.7042379Z hint: 	git config --global init.defaultBranch <name>
2026-08-06T22:28:29.7043035Z hint:
2026-08-06T22:28:29.7043646Z hint: Names commonly chosen instead of 'master' are 'main', 'trunk' and
2026-08-06T22:28:29.7044574Z hint: 'development'. The just-created branch can be renamed via this command:
2026-08-06T22:28:29.7045314Z hint:
2026-08-06T22:28:29.7045762Z hint: 	git branch -m <name>
2026-08-06T22:28:29.7046308Z hint:
2026-08-06T22:28:29.7046966Z hint: Disable this message with "git config set advice.defaultBranchName false"
2026-08-06T22:28:29.7048884Z Initialized empty Git repository in /home/runner/work/UniFed/UniFed/.git/
2026-08-06T22:28:29.7055173Z [command]/usr/bin/git remote add origin https://github.com/christopherchidera200-lab/UniFed
2026-08-06T22:28:29.7114529Z ##[endgroup]
2026-08-06T22:28:29.7115959Z ##[group]Disabling automatic garbage collection
2026-08-06T22:28:29.7117464Z [command]/usr/bin/git config --local gc.auto 0
2026-08-06T22:28:29.7151410Z ##[endgroup]
2026-08-06T22:28:29.7152843Z ##[group]Setting up auth
2026-08-06T22:28:29.7158684Z [command]/usr/bin/git config --local --name-only --get-regexp core\.sshCommand
2026-08-06T22:28:29.7205236Z [command]/usr/bin/git submodule foreach --recursive sh -c "git config --local --name-only --get-regexp 'core\.sshCommand' && git config --local --unset-all 'core.sshCommand' || :"
2026-08-06T22:28:29.7620982Z [command]/usr/bin/git config --local --name-only --get-regexp http\.https\:\/\/github\.com\/\.extraheader
2026-08-06T22:28:29.7662764Z [command]/usr/bin/git submodule foreach --recursive sh -c "git config --local --name-only --get-regexp 'http\.https\:\/\/github\.com\/\.extraheader' && git config --local --unset-all 'http.https://github.com/.extraheader' || :"
2026-08-06T22:28:29.7922923Z [command]/usr/bin/git config --local --name-only --get-regexp ^includeIf\.gitdir:
2026-08-06T22:28:29.7963339Z [command]/usr/bin/git submodule foreach --recursive git config --local --show-origin --name-only --get-regexp remote.origin.url
2026-08-06T22:28:29.8205739Z [command]/usr/bin/git config --local http.https://github.com/.extraheader AUTHORIZATION: basic ***
2026-08-06T22:28:29.8247866Z ##[endgroup]
2026-08-06T22:28:29.8249015Z ##[group]Fetching the repository
2026-08-06T22:28:29.8257893Z [command]/usr/bin/git -c protocol.version=2 fetch --no-tags --prune --no-recurse-submodules --depth=1 origin +30e4b273dd8858f307ce0206ced6c223de06884d:refs/remotes/origin/m1/foundation
2026-08-06T22:28:30.1082965Z From https://github.com/christopherchidera200-lab/UniFed
2026-08-06T22:28:30.1085131Z  * [new ref]         30e4b273dd8858f307ce0206ced6c223de06884d -> origin/m1/foundation
2026-08-06T22:28:30.1122730Z ##[endgroup]
2026-08-06T22:28:30.1124090Z ##[group]Determining the checkout info
2026-08-06T22:28:30.1125822Z ##[endgroup]
2026-08-06T22:28:30.1131107Z [command]/usr/bin/git sparse-checkout disable
2026-08-06T22:28:30.1183351Z [command]/usr/bin/git config --local --unset-all extensions.worktreeConfig
2026-08-06T22:28:30.1220133Z ##[group]Checking out the ref
2026-08-06T22:28:30.1224007Z [command]/usr/bin/git checkout --progress --force -B m1/foundation refs/remotes/origin/m1/foundation
2026-08-06T22:28:30.1323214Z Switched to a new branch 'm1/foundation'
2026-08-06T22:28:30.1325604Z branch 'm1/foundation' set up to track 'origin/m1/foundation'.
2026-08-06T22:28:30.1330622Z ##[endgroup]
2026-08-06T22:28:30.1376097Z [command]/usr/bin/git log -1 --format=%H
2026-08-06T22:28:30.1405123Z 30e4b273dd8858f307ce0206ced6c223de06884d
2026-08-06T22:28:30.1746300Z ##[group]Run ruby/setup-ruby@v1
2026-08-06T22:28:30.1747997Z with:
2026-08-06T22:28:30.1748807Z   ruby-version: 3.3
2026-08-06T22:28:30.1749697Z   bundler-cache: true
2026-08-06T22:28:30.1758899Z   token: ***
2026-08-06T22:28:30.1759741Z ##[endgroup]
2026-08-06T22:28:30.3776784Z ##[group]Modifying PATH
2026-08-06T22:28:30.3778550Z Entries added to PATH to use selected Ruby:
2026-08-06T22:28:30.3779929Z   /opt/hostedtoolcache/Ruby/3.3.12/x64/bin
2026-08-06T22:28:30.3784291Z ##[endgroup]
2026-08-06T22:28:30.3785846Z ##[group]Print Ruby version
2026-08-06T22:28:30.3983382Z [command]/opt/hostedtoolcache/Ruby/3.3.12/x64/bin/ruby --version
2026-08-06T22:28:31.5036369Z ruby 3.3.12 (2026-07-16 revision 0581089df9) [x86_64-linux]
2026-08-06T22:28:31.5073195Z Took   1.13 seconds
2026-08-06T22:28:31.5074569Z ##[endgroup]
2026-08-06T22:28:31.5078708Z ##[group]Installing Bundler
2026-08-06T22:28:31.5088693Z Using Bundler shipped with ruby-3.3.12
2026-08-06T22:28:31.5089615Z Took   0.00 seconds
2026-08-06T22:28:31.5090541Z ##[endgroup]
2026-08-06T22:28:31.5091078Z > bundle install
2026-08-06T22:28:31.5091861Z Could not determine gemfile path, skipping "bundle install" and caching
2026-08-06T22:28:31.5092736Z Took   0.00 seconds
2026-08-06T22:28:31.5242934Z ##[group]Run gem install bundler-audit
2026-08-06T22:28:31.5243377Z [36;1mgem install bundler-audit[0m
2026-08-06T22:28:31.5243693Z [36;1mbundle audit --update[0m
2026-08-06T22:28:31.5393291Z shell: /usr/bin/bash -e {0}
2026-08-06T22:28:31.5393607Z ##[endgroup]
2026-08-06T22:28:35.3823798Z Successfully installed thor-1.5.0
2026-08-06T22:28:35.3824666Z Successfully installed bundler-audit-0.9.3
2026-08-06T22:28:35.3825406Z 2 gems installed
2026-08-06T22:28:37.0790602Z Download ruby-advisory-db ...
2026-08-06T22:28:37.0806463Z Cloning into '/home/runner/.local/share/ruby-advisory-db'...
2026-08-06T22:28:37.5416281Z ruby-advisory-db:
2026-08-06T22:28:37.5416819Z   advisories:	1229 advisories
2026-08-06T22:28:37.5450589Z   last updated:	2026-08-04 15:49:25 +0200
2026-08-06T22:28:37.5464811Z   commit:	1fe38c32f136c99453f4b0912eefa3da079988c2
2026-08-06T22:28:37.5465546Z Could not find "Gemfile.lock" in "/home/runner/work/UniFed/UniFed/backend"
2026-08-06T22:28:37.5518354Z ##[error]Process completed with exit code 1.
2026-08-06T22:28:37.5735163Z Node 20 is being deprecated. This workflow is running with Node 24 by default. If you need to temporarily use Node 20, you can set the ACTIONS_ALLOW_USE_UNSECURE_NODE_VERSION=true environment variable. For more information see: https://github.blog/changelog/2025-09-19-deprecation-of-node-20-on-github-actions-runners/
2026-08-06T22:28:37.5736362Z Post job cleanup.
2026-08-06T22:28:37.6596646Z [command]/usr/bin/git version
2026-08-06T22:28:37.6639585Z git version 2.54.0
2026-08-06T22:28:37.6675664Z Temporarily overriding HOME='/home/runner/work/_temp/d6a5a0d1-a561-4f91-9508-761683b96456' before making global git config changes
2026-08-06T22:28:37.6677523Z Adding repository directory to the temporary git global config as a safe directory
2026-08-06T22:28:37.6681761Z [command]/usr/bin/git config --global --add safe.directory /home/runner/work/UniFed/UniFed
2026-08-06T22:28:37.6722149Z [command]/usr/bin/git config --local --name-only --get-regexp core\.sshCommand
2026-08-06T22:28:37.6759523Z [command]/usr/bin/git submodule foreach --recursive sh -c "git config --local --name-only --get-regexp 'core\.sshCommand' && git config --local --unset-all 'core.sshCommand' || :"
2026-08-06T22:28:37.7020424Z [command]/usr/bin/git config --local --name-only --get-regexp http\.https\:\/\/github\.com\/\.extraheader
2026-08-06T22:28:37.7050913Z http.https://github.com/.extraheader
2026-08-06T22:28:37.7061722Z [command]/usr/bin/git config --local --unset-all http.https://github.com/.extraheader
2026-08-06T22:28:37.7102435Z [command]/usr/bin/git submodule foreach --recursive sh -c "git config --local --name-only --get-regexp 'http\.https\:\/\/github\.com\/\.extraheader' && git config --local --unset-all 'http.https://github.com/.extraheader' || :"
2026-08-06T22:28:37.7407621Z [command]/usr/bin/git config --local --name-only --get-regexp ^includeIf\.gitdir:
2026-08-06T22:28:37.7447753Z [command]/usr/bin/git submodule foreach --recursive git config --local --show-origin --name-only --get-regexp remote.origin.url
2026-08-06T22:28:37.7875616Z Cleaning up orphan processes
2026-08-06T22:28:37.8167731Z ##[warning]Node.js 20 is deprecated. The following actions target Node.js 20 but are being forced to run on Node.js 24: actions/checkout@v4. For more information see: https://github.blog/changelog/2025-09-19-deprecation-of-node-20-on-github-actions-runners/
